// Jest Snapshot v1, https://goo.gl/fbAQLP

exports[`<SwitchWithHOC /> renders correctly 1`] = `
<div
  className="blue-box"
  onClick={[Function]}
>
  <StatelessSwitch
    on={false}
  />
</div>
`;
