// Jest Snapshot v1, https://goo.gl/fbAQLP

exports[`<OtherBlueClick /> renders correctly 1`] = `
<BlueClickRenderProp
  render={[Function]}
/>
`;
