// Jest Snapshot v1, https://goo.gl/fbAQLP

exports[`<SwitchWithRenderProp /> renders correctly 1`] = `
<BlueClickRenderProp
  render={[Function]}
/>
`;
