// Jest Snapshot v1, https://goo.gl/fbAQLP

exports[`.withBlueClickHOC renders correctly 1`] = `
<div
  className="blue-box"
  onClick={[Function]}
>
  <TestComponent
    on={false}
  />
</div>
`;
